// Jest Snapshot v1, https://goo.gl/fbAQLP

exports[`MenuItem should render MenuItem component 1`] = `ShallowWrapper {}`;
