// Jest Snapshot v1, https://goo.gl/fbAQLP

exports[`Spinner should render Spinner component 1`] = `ShallowWrapper {}`;
