// Jest Snapshot v1, https://goo.gl/fbAQLP

exports[`CustomButton should render CustomButton component 1`] = `ShallowWrapper {}`;
