// Jest Snapshot v1, https://goo.gl/fbAQLP

exports[`SignInUp should render SignInUp component 1`] = `ShallowWrapper {}`;
