// Jest Snapshot v1, https://goo.gl/fbAQLP

exports[`FormInput should render FormInput component 1`] = `ShallowWrapper {}`;
