// Jest Snapshot v1, https://goo.gl/fbAQLP

exports[`ErrorBoundary should render ErrorBoundary component 1`] = `ShallowWrapper {}`;
